
qleen@LAPTOP-1UQEUT7N MINGW64 ~ (yujin)
$ git config --global user.name
yudii2

qleen@LAPTOP-1UQEUT7N MINGW64 ~ (yujin)
$ git config --global user.email
qleen513@gmail.com

qleen@LAPTOP-1UQEUT7N MINGW64 ~ (yujin)
$ cd /c/CODE/git_prac/

qleen@LAPTOP-1UQEUT7N MINGW64 /c/CODE/git_prac
$ git init
Initialized empty Git repository in C:/CODE/git_prac/.git/

qleen@LAPTOP-1UQEUT7N MINGW64 /c/CODE/git_prac (master)
$ git checkout -b main
Switched to a new branch 'main'

qleen@LAPTOP-1UQEUT7N MINGW64 /c/CODE/git_prac (main)
$ git branch -M main	//main브랜치를 기본 브랜치로 설정

qleen@LAPTOP-1UQEUT7N MINGW64 /c/CODE/git_prac (main)
$ git stauts
git: 'stauts' is not a git command. See 'git --help'.

The most similar command is
        status

qleen@LAPTOP-1UQEUT7N MINGW64 /c/CODE/git_prac (main)
$ git status
On branch main

No commits yet

Untracked files:
  (use "git add <file>..." to include in what will be committed)
        git_study.txt

nothing added to commit but untracked files present (use "git add" to track)

qleen@LAPTOP-1UQEUT7N MINGW64 /c/CODE/git_prac (main)
$ git add git_study.txt

qleen@LAPTOP-1UQEUT7N MINGW64 /c/CODE/git_prac (main)
$ git status
On branch main

No commits yet

Changes to be committed:
  (use "git rm --cached <file>..." to unstage)
        new file:   git_study.txt


qleen@LAPTOP-1UQEUT7N MINGW64 /c/CODE/git_prac (main)
$ git commit -m "[ADD] git 설정 및 첫 commit"
[main (root-commit) 6f00c22] [ADD] git 설정 및 첫 commit
 1 file changed, 14 insertions(+)
 create mode 100644 git_study.txt

qleen@LAPTOP-1UQEUT7N MINGW64 /c/CODE/git_prac (main)
$ git log
commit 6f00c2291d6151f53e71bfc870d3520b831ca191 (HEAD -> main)
Author: yudii2 <qleen513@gmail.com>
Date:   Tue Sep 14 16:17:28 2021 +0900

    [ADD] git 설정 및 첫 commit

-----------------------------------------------------------------------------
올바르게 추가된 테스트용 코드


--------------------------------------------------------------------------------
qleen@LAPTOP-1UQEUT7N MINGW64 /c/CODE/git_prac (main)
$ git log
commit e2030296000d22c93a084ca07b3a2039cd14e58d (HEAD -> main)
Author: yudii2 <qleen513@gmail.com>
Date:   Tue Sep 14 17:04:53 2021 +0900

    [UPDATE] git life cycle 공부

commit 7ec1cbbac8c48cba7e774512234c439eed39b75c
Author: yudii2 <qleen513@gmail.com>
Date:   Tue Sep 14 16:43:26 2021 +0900

    [ADD] git add, commit 공부

commit 6f00c2291d6151f53e71bfc870d3520b831ca191
Author: yudii2 <qleen513@gmail.com>
Date:   Tue Sep 14 16:17:28 2021 +0900

    [ADD] git 설정 및 첫 commit

qleen@LAPTOP-1UQEUT7N MINGW64 /c/CODE/git_prac (main)
$ git reset --hard 7ec1cbbac8c48cba7e774512234c439eed39b75c		//reset
HEAD is now at 7ec1cbb [ADD] git add, commit 공부

qleen@LAPTOP-1UQEUT7N MINGW64 /c/CODE/git_prac (main)
$ git log
commit 7ec1cbbac8c48cba7e774512234c439eed39b75c (HEAD -> main)
Author: yudii2 <qleen513@gmail.com>
Date:   Tue Sep 14 16:43:26 2021 +0900

    [ADD] git add, commit 공부

commit 6f00c2291d6151f53e71bfc870d3520b831ca191
Author: yudii2 <qleen513@gmail.com>
Date:   Tue Sep 14 16:17:28 2021 +0900

    [ADD] git 설정 및 첫 commit

qleen@LAPTOP-1UQEUT7N MINGW64 /c/CODE/git_prac (main)
$ git reflog							//상세log
7ec1cbb (HEAD -> main) HEAD@{0}: reset: moving to 7ec1cbbac8c48cba7e774512234c43
9eed39b75c
e203029 HEAD@{1}: commit: [UPDATE] git life cycle 공부
7ec1cbb (HEAD -> main) HEAD@{2}: commit: [ADD] git add, commit 공부
6f00c22 HEAD@{3}: commit (initial): [ADD] git 설정 및 첫 commit

qleen@LAPTOP-1UQEUT7N MINGW64 /c/CODE/git_prac (main)
$ git reset --hard e203029						//재reset
HEAD is now at e203029 [UPDATE] git life cycle 공부

------------------------------------git reset --soft <commit>------------------------------

qleen@LAPTOP-1UQEUT7N MINGW64 /c/CODE/git_prac (main)
$ git reset --soft e2030296000d22c93a084ca07b3a2039cd14e58d

qleen@LAPTOP-1UQEUT7N MINGW64 /c/CODE/git_prac (main)
$ git log
commit e2030296000d22c93a084ca07b3a2039cd14e58d (HEAD -> main)
Author: yudii2 <qleen513@gmail.com>
Date:   Tue Sep 14 17:04:53 2021 +0900

    [UPDATE] git life cycle 공부

commit 7ec1cbbac8c48cba7e774512234c439eed39b75c
Author: yudii2 <qleen513@gmail.com>
Date:   Tue Sep 14 16:43:26 2021 +0900

    [ADD] git add, commit 공부

commit 6f00c2291d6151f53e71bfc870d3520b831ca191
Author: yudii2 <qleen513@gmail.com>
Date:   Tue Sep 14 16:17:28 2021 +0900

    [ADD] git 설정 및 첫 commit

qleen@LAPTOP-1UQEUT7N MINGW64 /c/CODE/git_prac (main)
$ git status
On branch main
Changes to be committed:
  (use "git restore --staged <file>..." to unstage)
        modified:   git_log_0914.txt
        modified:   git_study.txt


qleen@LAPTOP-1UQEUT7N MINGW64 /c/CODE/git_prac (main)
$ git commit -m '[reset] reset option공부'
[main 250c90d] [reset] reset option공부
 2 files changed, 63 insertions(+), 2 deletions(-)
