
충돌난다 분명히 [userB]


qleen@LAPTOP-1UQEUT7N MINGW64 ~ (yujin)
$ git config --global user.name
yudii2

qleen@LAPTOP-1UQEUT7N MINGW64 ~ (yujin)
$ git config --global user.email
qleen513@gmail.com

qleen@LAPTOP-1UQEUT7N MINGW64 ~ (yujin)
$ cd /c/CODE/git_prac/

qleen@LAPTOP-1UQEUT7N MINGW64 /c/CODE/git_prac
$ git init
Initialized empty Git repository in C:/CODE/git_prac/.git/

qleen@LAPTOP-1UQEUT7N MINGW64 /c/CODE/git_prac (master)
$ git checkout -b main
Switched to a new branch 'main'

qleen@LAPTOP-1UQEUT7N MINGW64 /c/CODE/git_prac (main)
$ git branch -M main	//main브랜치를 기본 브랜치로 설정

qleen@LAPTOP-1UQEUT7N MINGW64 /c/CODE/git_prac (main)
$ git stauts
git: 'stauts' is not a git command. See 'git --help'.

The most similar command is
        status

qleen@LAPTOP-1UQEUT7N MINGW64 /c/CODE/git_prac (main)
$ git status
On branch main

No commits yet

Untracked files:
  (use "git add <file>..." to include in what will be committed)
        git_study.txt

nothing added to commit but untracked files present (use "git add" to track)

qleen@LAPTOP-1UQEUT7N MINGW64 /c/CODE/git_prac (main)
$ git add git_study.txt

qleen@LAPTOP-1UQEUT7N MINGW64 /c/CODE/git_prac (main)
$ git status
On branch main

No commits yet

Changes to be committed:
  (use "git rm --cached <file>..." to unstage)
        new file:   git_study.txt


qleen@LAPTOP-1UQEUT7N MINGW64 /c/CODE/git_prac (main)
$ git commit -m "[ADD] git 설정 및 첫 commit"
[main (root-commit) 6f00c22] [ADD] git 설정 및 첫 commit
 1 file changed, 14 insertions(+)
 create mode 100644 git_study.txt

qleen@LAPTOP-1UQEUT7N MINGW64 /c/CODE/git_prac (main)
$ git log
commit 6f00c2291d6151f53e71bfc870d3520b831ca191 (HEAD -> main)
Author: yudii2 <qleen513@gmail.com>
Date:   Tue Sep 14 16:17:28 2021 +0900

    [ADD] git 설정 및 첫 commit

-----------------------------------------------------------------------------
올바르게 추가된 테스트용 코드


--------------------------------------------------------------------------------
qleen@LAPTOP-1UQEUT7N MINGW64 /c/CODE/git_prac (main)
$ git log
commit e2030296000d22c93a084ca07b3a2039cd14e58d (HEAD -> main)
Author: yudii2 <qleen513@gmail.com>
Date:   Tue Sep 14 17:04:53 2021 +0900

    [UPDATE] git life cycle 공부

commit 7ec1cbbac8c48cba7e774512234c439eed39b75c
Author: yudii2 <qleen513@gmail.com>
Date:   Tue Sep 14 16:43:26 2021 +0900

    [ADD] git add, commit 공부

commit 6f00c2291d6151f53e71bfc870d3520b831ca191
Author: yudii2 <qleen513@gmail.com>
Date:   Tue Sep 14 16:17:28 2021 +0900

    [ADD] git 설정 및 첫 commit

qleen@LAPTOP-1UQEUT7N MINGW64 /c/CODE/git_prac (main)
$ git reset --hard 7ec1cbbac8c48cba7e774512234c439eed39b75c		//reset
HEAD is now at 7ec1cbb [ADD] git add, commit 공부

qleen@LAPTOP-1UQEUT7N MINGW64 /c/CODE/git_prac (main)
$ git log
commit 7ec1cbbac8c48cba7e774512234c439eed39b75c (HEAD -> main)
Author: yudii2 <qleen513@gmail.com>
Date:   Tue Sep 14 16:43:26 2021 +0900

    [ADD] git add, commit 공부

commit 6f00c2291d6151f53e71bfc870d3520b831ca191
Author: yudii2 <qleen513@gmail.com>
Date:   Tue Sep 14 16:17:28 2021 +0900

    [ADD] git 설정 및 첫 commit

qleen@LAPTOP-1UQEUT7N MINGW64 /c/CODE/git_prac (main)
$ git reflog							//상세log
7ec1cbb (HEAD -> main) HEAD@{0}: reset: moving to 7ec1cbbac8c48cba7e774512234c43
9eed39b75c
e203029 HEAD@{1}: commit: [UPDATE] git life cycle 공부
7ec1cbb (HEAD -> main) HEAD@{2}: commit: [ADD] git add, commit 공부
6f00c22 HEAD@{3}: commit (initial): [ADD] git 설정 및 첫 commit

qleen@LAPTOP-1UQEUT7N MINGW64 /c/CODE/git_prac (main)
$ git reset --hard e203029						//재reset
HEAD is now at e203029 [UPDATE] git life cycle 공부

------------------------------------git reset --soft <commit>------------------------------

qleen@LAPTOP-1UQEUT7N MINGW64 /c/CODE/git_prac (main)
$ git reset --soft e2030296000d22c93a084ca07b3a2039cd14e58d

qleen@LAPTOP-1UQEUT7N MINGW64 /c/CODE/git_prac (main)
$ git log
commit e2030296000d22c93a084ca07b3a2039cd14e58d (HEAD -> main)
Author: yudii2 <qleen513@gmail.com>
Date:   Tue Sep 14 17:04:53 2021 +0900

    [UPDATE] git life cycle 공부

commit 7ec1cbbac8c48cba7e774512234c439eed39b75c
Author: yudii2 <qleen513@gmail.com>
Date:   Tue Sep 14 16:43:26 2021 +0900

    [ADD] git add, commit 공부

commit 6f00c2291d6151f53e71bfc870d3520b831ca191
Author: yudii2 <qleen513@gmail.com>
Date:   Tue Sep 14 16:17:28 2021 +0900

    [ADD] git 설정 및 첫 commit

qleen@LAPTOP-1UQEUT7N MINGW64 /c/CODE/git_prac (main)
$ git status
On branch main
Changes to be committed:
  (use "git restore --staged <file>..." to unstage)
        modified:   git_log_0914.txt
        modified:   git_study.txt


qleen@LAPTOP-1UQEUT7N MINGW64 /c/CODE/git_prac (main)
$ git commit -m '[reset] reset option공부'
[main 250c90d] [reset] reset option공부
 2 files changed, 63 insertions(+), 2 deletions(-)

---------------------------------------remote repository연결-------------------------------------
qleen@LAPTOP-1UQEUT7N MINGW64 /c/CODE/git_userA (main)
$ git remote add origin https://github.com/yudii2/KH-GIT.git

qleen@LAPTOP-1UQEUT7N MINGW64 /c/CODE/git_userA (main)
$ git remote
origin

qleen@LAPTOP-1UQEUT7N MINGW64 /c/CODE/git_userA (main)
$ git remote -v
origin  https://github.com/yudii2/KH-GIT.git (fetch)
origin  https://github.com/yudii2/KH-GIT.git (push)

qleen@LAPTOP-1UQEUT7N MINGW64 /c/CODE/git_userA (main)
$ git pull --allow-unrelated-histories origin main		//remote repository처음 생성후 한번만 해당 코드로 pull옵션을 걸어주면 됨
remote: Enumerating objects: 3, done.
remote: Counting objects: 100% (3/3), done.
remote: Compressing objects: 100% (2/2), done.
remote: Total 3 (delta 0), reused 0 (delta 0), pack-reused 0
Unpacking objects: 100% (3/3), 780 bytes | 65.00 KiB/s, done.
From https://github.com/yudii2/KH-GIT
 * branch            main       -> FETCH_HEAD
 * [new branch]      main       -> origin/main
Merge made by the 'recursive' strategy.
 .gitignore | 23 +++++++++++++++++++++++
 1 file changed, 23 insertions(+)
 create mode 100644 .gitignore

---------------------------------------------------------------------------------------------------------------------
qleen@LAPTOP-1UQEUT7N MINGW64 /c/CODE/git_userA (main)
$ git push -u origin main			//-u옵션을 처음에 입력하면 이후 명령어는 git push만 작성해도된다.

------------------------------------------------푸시 오류--------------------------------
qleen@LAPTOP-1UQEUT7N MINGW64 /c/CODE/git_userB (main)
$ git push -u origin main				//푸시하려는데 오류날 경우 pull을 먼저 안했기 때문에 원격 repository와 차이가 발생했기 때문
To https://github.com/yudii2/KH-GIT.git
 ! [rejected]        main -> main (fetch first)
error: failed to push some refs to 'https://github.com/yudii2/KH-GIT.git'
hint: Updates were rejected because the remote contains work that you do
hint: not have locally. This is usually caused by another repository pushing
hint: to the same ref. You may want to first integrate the remote changes
hint: (e.g., 'git pull ...') before pushing again.
hint: See the 'Note about fast-forwards' in 'git push --help' for details.

qleen@LAPTOP-1UQEUT7N MINGW64 /c/CODE/git_userB (main)
$ git pull origin main				//pull origin <branch명>
From https://github.com/yudii2/KH-GIT
 * branch            main       -> FETCH_HEAD
Merge made by the 'recursive' strategy.
 git_log_0914.txt                                   | 30 ++++++++++++++++++++++
 ...70\260\353\212\245\352\265\254\355\230\204.txt" |  1 +
 2 files changed, 31 insertions(+)
 create mode 100644 "\355\232\214\354\233\220\352\264\200\353\246\254\352\270\26
0\353\212\245\352\265\254\355\230\204.txt"


